12-01 09:36:06.569   514   514 W adbd    : type=1400 audit(0.0:17): avc:  denied  { getattr } for  path="/sys/fs/cgroup/apps/uid_10214/pid_3781/cgroup.freeze" dev="cgroup2" ino=8159 scontext=u:r:adbd:s0 tcontext=u:object_r:cgroup_v2:s0 tclass=file permissive=0
12-01 09:36:06.602   665  1681 W ServiceManagerCppClient: Permission failure: android.permission.ACCESS_SURFACE_FLINGER from uid=10214 pid=0
12-01 09:36:06.602   665  1681 D PermissionCache: checking android.permission.ACCESS_SURFACE_FLINGER for uid=10214 => denied (68 us)
12-01 09:36:06.602   665  1681 W ServiceManagerCppClient: Permission failure: android.permission.ROTATE_SURFACE_FLINGER from uid=10214 pid=0
12-01 09:36:06.602   665  1681 D PermissionCache: checking android.permission.ROTATE_SURFACE_FLINGER for uid=10214 => denied (6 us)
12-01 09:36:06.602   665  1681 W ServiceManagerCppClient: Permission failure: android.permission.INTERNAL_SYSTEM_WINDOW from uid=10214 pid=0
12-01 09:36:06.602   665  1681 D PermissionCache: checking android.permission.INTERNAL_SYSTEM_WINDOW for uid=10214 => denied (3 us)
12-01 09:36:06.606   665   694 I ActivityTaskManager: Displayed com.bersyte.noteapp/.MainActivity for user 0: +647ms
12-01 09:36:06.641  3781  3781 W HWUI    : Image decoding logging dropped!
12-01 09:36:06.642  3781  3781 W HWUI    : Image decoding logging dropped!
12-01 09:36:06.663  3781  3781 D AutofillManager: view not autofillable - not passing ime action check
12-01 09:36:06.692   665   785 I ImeTracker: com.bersyte.noteapp:fd775f9c: onRequestHide at ORIGIN_SERVER reason HIDE_UNSPECIFIED_WINDOW fromUser false
12-01 09:36:06.700  1505  1505 I GoogleInputMethodService: GoogleInputMethodService.onFinishInput():2043 
12-01 09:36:06.700   665   740 I ImeTracker: system_server:60611dfb: onRequestHide at ORIGIN_SERVER reason IME_REQUESTED_CHANGED_LISTENER fromUser false
12-01 09:36:06.703  1505  1505 I Module  : DeviceLockedStatusModuleProvider$Module.updateDeviceLockedStatus():100 repeatCheckTimes = 0, locked = false
12-01 09:36:06.703  1505  1505 I GoogleInputMethodService: GoogleInputMethodService.onStartInput():1293 onStartInput(EditorInfo{EditorInfo{packageName=com.bersyte.noteapp, inputType=0, inputTypeString=NULL, enableLearning=false, autoCorrection=false, autoComplete=false, imeOptions=0, privateImeOptions=null, actionName=UNSPECIFIED, actionLabel=null, initialSelStart=-1, initialSelEnd=-1, initialCapsMode=0, label=null, fieldId=0, fieldName=null, extras=null, hintText=null, hintLocales=[]}}, false)
12-01 09:36:06.705   665   697 I ImeTracker: system_server:60611dfb: onCancelled at PHASE_SERVER_SHOULD_HIDE
12-01 09:36:06.705  1505  1505 I EmojiCompatManager: EmojiCompatManager.getEmojiCompatIfLoaded():343 EmojiCompat.init() was never called.
12-01 09:36:06.705  1505  1505 I EmojiCompatManager: java.lang.IllegalStateException: EmojiCompat is not initialized. Please call EmojiCompat.init() first
12-01 09:36:06.705  1505  1505 I EmojiCompatManager: 	at asx.p(PG:6)
12-01 09:36:06.705  1505  1505 I EmojiCompatManager: 	at axb.b(PG:13)
12-01 09:36:06.705  1505  1505 I EmojiCompatManager: 	at jnr.b(PG:2)
12-01 09:36:06.705  1505  1505 I EmojiCompatManager: 	at jnr.c(PG:4)
12-01 09:36:06.705  1505  1505 I EmojiCompatManager: 	at jnr.f(PG:3)
12-01 09:36:06.705  1505  1505 I EmojiCompatManager: 	at jnx.c(PG:3)
12-01 09:36:06.705  1505  1505 I EmojiCompatManager: 	at kif.cz(PG:47)
12-01 09:36:06.705  1505  1505 I EmojiCompatManager: 	at lhl.run(PG:1025)
12-01 09:36:06.705  1505  1505 I EmojiCompatManager: 	at jaf.execute(PG:12)
12-01 09:36:06.705  1505  1505 I EmojiCompatManager: 	at nco.v(PG:13)
12-01 09:36:06.705  1505  1505 I EmojiCompatManager: 	at lhn.m(PG:96)
12-01 09:36:06.705  1505  1505 I EmojiCompatManager: 	at lhn.k(PG:25)
12-01 09:36:06.705  1505  1505 I EmojiCompatManager: 	at kgn.onStartInput(PG:250)
12-01 09:36:06.705  1505  1505 I EmojiCompatManager: 	at android.inputmethodservice.InputMethodService.doStartInput(InputMethodService.java:3521)
12-01 09:36:06.705  1505  1505 I EmojiCompatManager: 	at android.inputmethodservice.InputMethodService$InputMethodImpl.startInput(InputMethodService.java:879)
12-01 09:36:06.705  1505  1505 I EmojiCompatManager: 	at android.inputmethodservice.InputMethodService$InputMethodImpl.dispatchStartInput(InputMethodService.java:908)
12-01 09:36:06.705  1505  1505 I EmojiCompatManager: 	at android.inputmethodservice.IInputMethodWrapper.executeMessage(IInputMethodWrapper.java:201)
12-01 09:36:06.705  1505  1505 I EmojiCompatManager: 	at com.android.internal.os.HandlerCaller$MyHandler.handleMessage(HandlerCaller.java:44)
12-01 09:36:06.705  1505  1505 I EmojiCompatManager: 	at android.os.Handler.dispatchMessage(Handler.java:110)
12-01 09:36:06.705  1505  1505 I EmojiCompatManager: 	at android.os.Looper.loopOnce(Looper.java:248)
12-01 09:36:06.705  1505  1505 I EmojiCompatManager: 	at android.os.Looper.loop(Looper.java:338)
12-01 09:36:06.705  1505  1505 I EmojiCompatManager: 	at android.app.ActivityThread.main(ActivityThread.java:9067)
12-01 09:36:06.705  1505  1505 I EmojiCompatManager: 	at java.lang.reflect.Method.invoke(Native Method)
12-01 09:36:06.705  1505  1505 I EmojiCompatManager: 	at com.android.internal.os.RuntimeInit$MethodAndArgsCaller.run(RuntimeInit.java:593)
12-01 09:36:06.705  1505  1505 I EmojiCompatManager: 	at com.android.internal.os.ZygoteInit.main(ZygoteInit.java:932)
12-01 09:36:06.706  1505  1505 I Module  : DeviceLockedStatusModuleProvider$Module.updateDeviceLockedStatus():100 repeatCheckTimes = 1, locked = false
12-01 09:36:06.706   665   740 W PackageConfigPersister: App-specific configuration not found for packageName: com.bersyte.noteapp and userId: 0
12-01 09:36:06.710  3781  3781 D InsetsController: hide(ime(), fromIme=false)
12-01 09:36:06.711  3781  3781 I ImeTracker: com.bersyte.noteapp:fd775f9c: onCancelled at PHASE_CLIENT_ALREADY_HIDDEN
12-01 09:36:06.799  2039  3807 I Finsky  : [114] App states replicator found 8 unowned apps
12-01 09:36:06.813  2039  2382 I Finsky  : [57] Completed 0 account content syncs with 0 successful.
12-01 09:36:06.814  2039  2039 I Finsky  : [2] [ContentSync] Installation state replication succeeded.
12-01 09:36:06.814  2039  2039 I Finsky  : [2] SCH: jobFinished: 12-1. TimeElapsed: 389ms.
12-01 09:36:06.814  2039  2039 I Finsky  : [2] WM::SCH: Logging work end for 12-1
12-01 09:36:06.825  2039  2367 I Finsky  : [52] SCH: Scheduling phonesky job Id: 1-1337, CT: 1764574697414, Constraints: [{ L: 41127989, D: 84327989, C: CHARGING_NONE, I: IDLE_NONE, N: NET_ANY, B: BATTERY_ANY }]
12-01 09:36:06.834  2039  2401 I Finsky  : [63] SCH: Scheduling 1 system job(s)
12-01 09:36:06.834  2039  2401 I Finsky  : [63] SCH: Scheduling system job Id: 9257, L: 37658569, D: 80858569, C: false, I: false, N: 1
12-01 09:36:06.862  1033  1222 D SatelliteController: evaluateESOSProfilesPrioritization: allSubInfos.size()=1
12-01 09:36:06.863  1033  1222 D SatelliteController: evaluateESOSProfilesPrioritization: newSubsInfoListPerPriority.size()=0
12-01 09:36:06.863  1033  1222 D SatelliteController: evaluateESOSProfilesPrioritization: no satellite subscription available
12-01 09:36:06.895  2039  3806 I Finsky  : [113] SCH: job service finished with id 9254.
12-01 09:36:06.897  2467  2467 I Finsky:background: [2] Memory trim requested to level 40
12-01 09:36:06.898  2039  2039 I Finsky  : [2] Memory trim requested to level 40
12-01 09:36:06.898  2039  2039 I Finsky  : [2] Flushing in-memory image cache
12-01 09:36:06.918  1037  1037 D BaseDepthController: setSurface:
12-01 09:36:06.918  1037  1037 D BaseDepthController: 	mWaitingOnSurfaceValidity: false
12-01 09:36:06.918  1037  1037 D BaseDepthController: 	mBaseSurface: null
12-01 09:36:06.919  1037  1037 D BaseDepthController: mSurface is null and mCurrentBlur is: 0
12-01 09:36:06.938  1037  1055 W s.nexuslauncher: Suspending all threads took: 17.433ms
12-01 09:36:06.939  1037  1037 D StateManager: goToState - fromState: Normal, toState: Normal, partial trace:
12-01 09:36:06.939  1037  1037 D StateManager: 	at com.android.launcher3.statemanager.StateManager.moveToRestState(go/retraceme 72a59688580715d19f0e415c69e80376c2f062d1648c80db6730905005a27c20:4)
12-01 09:36:06.939  1037  1037 D StateManager: 	at com.android.launcher3.statemanager.StateManager.moveToRestState(go/retraceme 72a59688580715d19f0e415c69e80376c2f062d1648c80db6730905005a27c20:1)
12-01 09:36:06.939  1037  1037 D StateManager: 	at com.android.launcher3.statemanager.StatefulActivity.onStop(go/retraceme 72a59688580715d19f0e415c69e80376c2f062d1648c80db6730905005a27c20:34)
12-01 09:36:06.940  1037  1037 D StatsLog: LAUNCHER_ONSTOP
12-01 09:36:06.944  1037  1037 D StatsLog: LAUNCHER_GOOGLE_SEARCH_RESTORE_LIST_SIZE_AFTER_ACTIVITY_RESTART
12-01 09:36:06.963   665   867 D BackgroundInstallControlService: Package event received: 0
12-01 09:36:07.005  3781  3787 I bersyte.noteapp: Compiler allocated 5111KB to compile void android.view.ViewRootImpl.performTraversals()
12-01 09:36:07.032   911  1070 W WindowOnBackDispatcher: sendCancelIfRunning: isInProgress=false callback=android.view.ViewRootImpl$$ExternalSyntheticLambda13@ae63edd
12-01 09:36:07.032   665  1681 D CoreBackPreview: Window{8d55f8b u0 Splash Screen com.bersyte.noteapp EXITING}: Setting back callback null
12-01 09:36:07.049   911   920 W System  : A resource failed to call release. 
12-01 09:36:07.049   911   920 W System  : A resource failed to call release. 
12-01 09:36:07.049   911   920 W System  : A resource failed to call release. 
12-01 09:36:07.091  1033  1222 D SatelliteController: evaluateESOSProfilesPrioritization: allSubInfos.size()=1
12-01 09:36:07.091  1033  1222 D SatelliteController: evaluateESOSProfilesPrioritization: newSubsInfoListPerPriority.size()=0
12-01 09:36:07.091  1033  1222 D SatelliteController: evaluateESOSProfilesPrioritization: no satellite subscription available
12-01 09:36:07.095  1033  1222 D SatelliteController: evaluateESOSProfilesPrioritization: allSubInfos.size()=1
12-01 09:36:07.095  1033  1222 D SatelliteController: evaluateESOSProfilesPrioritization: newSubsInfoListPerPriority.size()=0
12-01 09:36:07.095  1033  1222 D SatelliteController: evaluateESOSProfilesPrioritization: no satellite subscription available
12-01 09:36:08.146   665   820 D ConnectivityService: reportNetworkConnectivity(101, false) by 10149
12-01 09:36:08.146   993  2380 D NetworkMonitor/101: Forcing reevaluation for UID 10149. Dns signal count: 0
12-01 09:36:08.153   993  3820 D NetworkMonitor/101: PROBE_DNS connectivitycheck.gstatic.com 5ms OK 74.125.29.94,2a00:1450:400a:1000::5e
12-01 09:36:08.160   993  3819 D NetworkMonitor/101: PROBE_DNS www.google.com 12ms OK 74.125.29.104,74.125.29.105,74.125.29.147,74.125.29.99,74.125.29.106,74.125.29.103,2a00:1450:400a:1000::6a,2a00:1450:400a:1000::69,2a00:1450:400a:1000::93,2a00:1450:400a:1000::63
12-01 09:36:08.298   993  3820 D NetworkMonitor/101: PROBE_HTTP http://connectivitycheck.gstatic.com/generate_204 time=144ms ret=204 request={Connection=[close], User-Agent=[Mozilla/5.0 (X11; Linux x86_64) AppleWebKit/537.36 (KHTML, like Gecko) Chrome/60.0.3112.32 Safari/537.36]} headers={null=[HTTP/1.1 204 No Content], Connection=[close], Content-Length=[0], Cross-Origin-Resource-Policy=[cross-origin], Date=[Mon, 01 Dec 2025 08:36:19 GMT], X-Android-Received-Millis=[1764578168298], X-Android-Response-Source=[NETWORK 204], X-Android-Selected-Protocol=[http/1.1], X-Android-Sent-Millis=[1764578168212]}
12-01 09:36:08.348   993  3819 D NetworkMonitor/101: PROBE_HTTPS https://www.google.com/generate_204 time=188ms ret=204 request={Connection=[close], User-Agent=[Mozilla/5.0 (X11; Linux x86_64) AppleWebKit/537.36 (KHTML, like Gecko) Chrome/60.0.3112.32 Safari/537.36]} headers={null=[HTTP/1.1 204 No Content], Alt-Svc=[h3=":443"; ma=2592000,h3-29=":443"; ma=2592000], Connection=[close], Content-Length=[0], Cross-Origin-Resource-Policy=[cross-origin], Date=[Mon, 01 Dec 2025 08:36:19 GMT], X-Android-Received-Millis=[1764578168348], X-Android-Response-Source=[NETWORK 204], X-Android-Selected-Protocol=[http/1.1], X-Android-Sent-Millis=[1764578168310]}
12-01 09:36:08.350   993  3818 D NetworkMonitor/101: isCaptivePortal: isSuccessful()=true isPortal()=false RedirectUrl=null isPartialConnectivity()=false Time=204ms
12-01 09:36:08.351   665   820 D ConnectivityService: [101 WIFI] validation passed
12-01 09:36:09.475   665  1670 E TaskPersister: File error accessing recents directory (directory doesn't exist?).
12-01 09:36:09.775  1695  2783 W acut    : (REDACTED) [%s] response code: %d
12-01 09:36:10.087  2049  3039 I HttpGrpcBindableService: [pfd-write] DOWNLOAD COMPLETE: Downloaded 63360223 bytes from URL [https://storage.googleapis.com/captions/soda-en-US-v3056.zip].
12-01 09:36:10.087  2049  3039 W System.err: val in interceptor: null
12-01 09:36:10.088  1596  2572 I AstreaHttpConnection: DOWNLOAD COMPLETE: Downloaded unknown number of bytes from https://storage.googleapis.com/captions/soda-en-US-v3056.zip.
12-01 09:36:10.088  1596  1943 I SP.AiAi : Download stopped: captions_i18n_v0_en-US:asr_en-US_v3056, succeeded, size: 63360223
12-01 09:36:10.090  2049  2523 W System.err: Seeding context with ref: 43284947
12-01 09:36:10.090  2049  2523 I HttpGrpcBindableService: Downloading requested for URL 'https://storage.googleapis.com/captions/input_predictions_en-US_v4.zip'
12-01 09:36:10.102  1596  1943 I SP.AiAi : Scheduling: download stopped, 0 started, 0 paused, 0 scheduled, 6 pending: manifests:kg_collections_table-21051103 {W:C:I:l, bg}, manifests:text-classifier-annotator-272525175 {W:C:I:l, bg}, manifests:text-classifier-actions-1140547708 {W:C:I:l, bg}, manifests:text-classifier-langid-1941001461 {W:C:I:l, bg}, manifests:spelling_correction-22110320 {W:C:I:l, bg}, captions_i18n_v0_en-US:input_predictions_en-US_v4 @ {W:b:u:l, bg}
12-01 09:36:10.106  2049  2523 I HttpGrpcBindableService: Responding with header information for URL 'https://storage.googleapis.com/captions/input_predictions_en-US_v4.zip'
12-01 09:36:10.107  1596  2575 I AstreaHttpConnection: Started download from url='https://storage.googleapis.com/captions/input_predictions_en-US_v4.zip'
12-01 09:36:10.753  2049  3039 I HttpGrpcBindableService: [pfd-write] DOWNLOAD COMPLETE: Downloaded 3142638 bytes from URL [https://storage.googleapis.com/captions/input_predictions_en-US_v4.zip].
12-01 09:36:10.753  2049  3039 W System.err: val in interceptor: null
12-01 09:36:10.754  1596  2575 I AstreaHttpConnection: DOWNLOAD COMPLETE: Downloaded unknown number of bytes from https://storage.googleapis.com/captions/input_predictions_en-US_v4.zip.
12-01 09:36:10.754  1596  1943 I SP.AiAi : <==== Finishing job {W:b:u:l, bg}, 46908 ms. elapsed since start
12-01 09:36:10.754  1596  1943 I SP.AiAi : Download stopped: captions_i18n_v0_en-US:input_predictions_en-US_v4, succeeded, size: 3142638
12-01 09:36:10.759  1596  1943 I SP.AiAi : Scheduling job with delay of 0s for {W:C:I:l, bg}, 5 candidates
12-01 09:36:10.764  1596  1943 I SP.AiAi : Scheduling: download stopped, 0 started, 0 paused, 5 scheduled, 5 pending: manifests:kg_collections_table-21051103 * {W:C:I:l, bg}, manifests:text-classifier-annotator-272525175 * {W:C:I:l, bg}, manifests:text-classifier-actions-1140547708 * {W:C:I:l, bg}, manifests:text-classifier-langid-1941001461 * {W:C:I:l, bg}, manifests:spelling_correction-22110320 * {W:C:I:l, bg}
12-01 09:36:10.818  1596  2030 I SP.AiAi : Sync for captions_i18n_v0_en-US succeeded in 47039 ms: {added: [asr_en-US_v3056, input_predictions_en-US_v4], removed: [asr_en-US_v3003], metadata: false
12-01 09:36:10.827  1596  2030 I SP.AiAi : GC for 'captions_i18n_v0_en-US' (10) with ttl of 0 ms took 0 ms (0/0/0)
12-01 09:36:10.827  1596  2030 I AiAiNowPlaying: Superpacks changed. Refreshing FA controller
12-01 09:36:10.828  1596  3361 I AiAiCaptions: downloadSuperpack(): Sync of superpack 'captions_i18n_v0_en-US' version 20240825 was completed but currently using active version 20210623
12-01 09:36:10.828  1596  3361 I AiAiCaptions: downloadSuperpack(): Successfully downloaded superpack 'captions_i18n_v0_en-US' version 20240825.
12-01 09:36:10.828  1596  1943 E SP.Service.AiAi: captions_i18n_v0_en-US is opened by other clients. It will stay open until all clients close it.
12-01 09:36:11.400   665   820 D InetDiagMessage: Destroyed 0 sockets, proto=IPPROTO_TCP, family=AF_INET, states=14
12-01 09:36:11.400   665   820 D InetDiagMessage: Destroyed 0 sockets, proto=IPPROTO_TCP, family=AF_INET6, states=14
12-01 09:36:11.400   665   820 D InetDiagMessage: Destroyed live tcp sockets for uids={10171} in 1ms
12-01 09:36:11.401   665   820 D InetDiagMessage: Destroyed 0 sockets, proto=IPPROTO_TCP, family=AF_INET, states=14
12-01 09:36:11.401   665   820 D InetDiagMessage: Destroyed 0 sockets, proto=IPPROTO_TCP, family=AF_INET6, states=14
12-01 09:36:11.401   665   820 D InetDiagMessage: Destroyed live tcp sockets for uids={20171} in 1ms
12-01 09:36:11.429   665   820 D InetDiagMessage: Destroyed 0 sockets, proto=IPPROTO_TCP, family=AF_INET, states=14
12-01 09:36:11.430   665   820 D InetDiagMessage: Destroyed 0 sockets, proto=IPPROTO_TCP, family=AF_INET6, states=14
12-01 09:36:11.430   665   820 D InetDiagMessage: Destroyed live tcp sockets for uids={10142} in 1ms
12-01 09:36:11.430   665   820 D InetDiagMessage: Destroyed 0 sockets, proto=IPPROTO_TCP, family=AF_INET, states=14
12-01 09:36:11.431   665   820 D InetDiagMessage: Destroyed 0 sockets, proto=IPPROTO_TCP, family=AF_INET6, states=14
12-01 09:36:11.431   665   820 D InetDiagMessage: Destroyed live tcp sockets for uids={20142} in 0ms
12-01 09:36:12.501   665   768 D ActivityManager: freezing 1569 com.google.android.gms
12-01 09:36:13.630   665   759 D OomAdjuster: Not killing cached processes
12-01 09:36:13.965  1033  1222 D SatelliteController: evaluateESOSProfilesPrioritization: allSubInfos.size()=1
12-01 09:36:13.965  1033  1222 D SatelliteController: evaluateESOSProfilesPrioritization: newSubsInfoListPerPriority.size()=0
12-01 09:36:13.965  1033  1222 D SatelliteController: evaluateESOSProfilesPrioritization: no satellite subscription available
12-01 09:36:14.182  1033  1222 D SatelliteController: iisInCarrierRoamingNbIotNtn: satellite is disabled
12-01 09:36:15.578  1618  2001 I ekzo    : (REDACTED) Scheduling(%s) voice interaction service reliability check.
12-01 09:36:15.580  1618  2001 I ekzo    : (REDACTED) Scheduling(%s) voice interaction service reliability check.
12-01 09:36:15.580  1618  2001 I ekzo    : (REDACTED) Scheduling(%s) voice interaction service reliability check.
12-01 09:36:15.580  1618  2001 I ekzo    : (REDACTED) Scheduling(%s) voice interaction service reliability check.
12-01 09:36:15.580  1618  2001 I ekzo    : (REDACTED) Scheduling(%s) voice interaction service reliability check.
12-01 09:36:15.580  1618  2001 I ekzo    : (REDACTED) Scheduling(%s) voice interaction service reliability check.
12-01 09:36:16.401   665   768 D ActivityManager: freezing 3198 com.google.android.apps.photos
12-01 09:36:16.403   665   820 D InetDiagMessage: Destroyed 0 sockets, proto=IPPROTO_TCP, family=AF_INET, states=14
12-01 09:36:16.404   665   820 D InetDiagMessage: Destroyed 0 sockets, proto=IPPROTO_TCP, family=AF_INET6, states=14
12-01 09:36:16.404   665   820 D InetDiagMessage: Destroyed live tcp sockets for uids={10171} in 1ms
12-01 09:36:16.424   665   768 D ActivityManager: freezing 1350 com.google.android.dialer
12-01 09:36:16.425   665   820 D InetDiagMessage: Destroyed 0 sockets, proto=IPPROTO_TCP, family=AF_INET, states=14
12-01 09:36:16.425   665   820 D InetDiagMessage: Destroyed 0 sockets, proto=IPPROTO_TCP, family=AF_INET6, states=14
12-01 09:36:16.426   665   820 D InetDiagMessage: Destroyed live tcp sockets for uids={10142} in 0ms
12-01 09:36:16.549  1618  1629 W hbox:interactor: Missing inline cache for int gbrx.a(java.lang.Object)
12-01 09:36:16.553  1618  1629 W hbox:interactor: Missing inline cache for void gbrx.m(java.lang.Object, gbrp)
12-01 09:36:16.727  1618  2032 I bdee    : (REDACTED) getHotwordActive::active query: %s, watch: %s, devices connected: %s
12-01 09:36:16.901   665   768 D ActivityManager: freezing 2039 com.android.vending
12-01 09:36:16.903   665   768 D ActivityManager: freezing 2467 com.android.vending:background
12-01 09:36:16.954   665   820 D InetDiagMessage: Destroyed 0 sockets, proto=IPPROTO_TCP, family=AF_INET, states=14
12-01 09:36:16.955   665   820 D InetDiagMessage: Destroyed 0 sockets, proto=IPPROTO_TCP, family=AF_INET6, states=14
12-01 09:36:16.955   665   820 D InetDiagMessage: Destroyed live tcp sockets for uids={10146} in 0ms
12-01 09:36:18.165  1254  3689 I NetworkScheduler.Stats: (REDACTED) Task %s/%s started execution. cause:%s exec_start_elapsed_seconds: %s
12-01 09:36:18.165  1254  1850 I TapAndPay: deviceSupportsHce has detected emulator [CONTEXT service_id=79 ]
12-01 09:36:18.166  1254  1850 I .gms.persistent: AssetManager2(0xb400007ce461ccb8) locale list changing from [] to [en-US]
12-01 09:36:18.166  1254  1850 I TapAndPay: NfcAdapter is null while obtaining CardEmulation instance. [CONTEXT service_id=79 ]
12-01 09:36:18.170  1254  3689 I NetworkScheduler.Stats: (REDACTED) Task %s/%s finished executing. cause:%s result: %s elapsed_millis: %s uptime_millis: %s exec_start_elapsed_seconds: %s
12-01 09:36:18.183  1254  1850 I NetworkScheduler.Stats: (REDACTED) Task %s/%s started execution. cause:%s exec_start_elapsed_seconds: %s
12-01 09:36:18.192  1254  3689 I NetworkScheduler.Stats: (REDACTED) Task %s/%s started execution. cause:%s exec_start_elapsed_seconds: %s
12-01 09:36:18.193  1254  3690 I NetworkScheduler.Stats: (REDACTED) Task %s/%s finished executing. cause:%s result: %s elapsed_millis: %s uptime_millis: %s exec_start_elapsed_seconds: %s
12-01 09:36:18.198  1254  1254 D BoundBrokerSvc: onRebind: Intent { act=com.google.android.gms.common.telemetry.service.START dat=chimera-action:/... xflg=0x4 cmp=com.google.android.gms/.chimera.PersistentApiService }
12-01 09:36:18.215   665  2615 D ActivityManager: sync unfroze 2780 com.google.android.gms.unstable for 6
12-01 09:36:18.216   665   867 D BackgroundInstallControlService: Package event received: 0
12-01 09:36:18.219   665  2108 W ProcessStats: Tracking association SourceState{ca8aacb com.google.android.gms.persistent/10145 BFgs #1790} whose proc state 4 is better than process ProcessState{948b3d5 com.google.android.gms.unstable/10145 pkg=com.google.android.gms} proc state 15 (9 skipped)
12-01 09:36:18.229  2780  2780 W binder:2780_7: type=1400 audit(0.0:18): avc:  denied  { read } for  name="u:object_r:system_adbd_prop:s0" dev="tmpfs" ino=325 scontext=u:r:gmscore_app:s0:c512,c768 tcontext=u:object_r:system_adbd_prop:s0 tclass=file permissive=0 app=com.google.android.gms
12-01 09:36:18.233  2780  3836 W libc    : Access denied finding property "persist.adb.tls_server.enable"
12-01 09:36:18.243   665  2108 D FileUtils: Rounded bytes from 3120066560 to 4000000000
12-01 09:36:18.268  1254  3750 W GmsUrlRequestImpl: [https://android.googleapis.com/auth/devicekey] Content-Type header is overwritten.
12-01 09:36:18.358  1254  3689 W LogErrorOperation: onLogError callback failed.
12-01 09:36:18.367  1254  3750 W GLSUser : [AppCertManager] Exception while requesting key: 
12-01 09:36:18.367  1254  3750 W GLSUser : java.util.concurrent.ExecutionException: cpbk: Parse Proto Exception with response code 400
12-01 09:36:18.367  1254  3750 W GLSUser : 	at gryb.j(:com.google.android.gms@254534035@25.45.34 (260400-831602148):21)
12-01 09:36:18.367  1254  3750 W GLSUser : 	at gryk.u(:com.google.android.gms@254534035@25.45.34 (260400-831602148):71)
12-01 09:36:18.367  1254  3750 W GLSUser : 	at ajqd.b(:com.google.android.gms@254534035@25.45.34 (260400-831602148):439)
12-01 09:36:18.367  1254  3750 W GLSUser : 	at ajqb.b(:com.google.android.gms@254534035@25.45.34 (260400-831602148):29)
12-01 09:36:18.367  1254  3750 W GLSUser : 	at ajpw.a(:com.google.android.gms@254534035@25.45.34 (260400-831602148):1)
12-01 09:36:18.367  1254  3750 W GLSUser : 	at ajpz.a(:com.google.android.gms@254534035@25.45.34 (260400-831602148):58)
12-01 09:36:18.367  1254  3750 W GLSUser : 	at aerq.call(:com.google.android.gms@254534035@25.45.34 (260400-831602148):56)
12-01 09:36:18.367  1254  3750 W GLSUser : 	at java.util.concurrent.FutureTask.run(FutureTask.java:317)
12-01 09:36:18.367  1254  3750 W GLSUser : 	at bdow.c(:com.google.android.gms@254534035@25.45.34 (260400-831602148):50)
12-01 09:36:18.367  1254  3750 W GLSUser : 	at bdow.run(:com.google.android.gms@254534035@25.45.34 (260400-831602148):73)
12-01 09:36:18.367  1254  3750 W GLSUser : 	at java.util.concurrent.ThreadPoolExecutor.runWorker(ThreadPoolExecutor.java:1156)
12-01 09:36:18.367  1254  3750 W GLSUser : 	at java.util.concurrent.ThreadPoolExecutor$Worker.run(ThreadPoolExecutor.java:651)
12-01 09:36:18.367  1254  3750 W GLSUser : 	at bdun.run(:com.google.android.gms@254534035@25.45.34 (260400-831602148):8)
12-01 09:36:18.367  1254  3750 W GLSUser : 	at java.lang.Thread.run(Thread.java:1119)
12-01 09:36:18.367  1254  3750 W GLSUser : Caused by: cpbk: Parse Proto Exception with response code 400
12-01 09:36:18.367  1254  3750 W GLSUser : 	at cpcn.e(:com.google.android.gms@254534035@25.45.34 (260400-831602148):71)
12-01 09:36:18.367  1254  3750 W GLSUser : 	at cpez.d(:com.google.android.gms@254534035@25.45.34 (260400-831602148):18)
12-01 09:36:18.367  1254  3750 W GLSUser : 	at cpfq.onSucceeded(:com.google.android.gms@254534035@25.45.34 (260400-831602148):9)
12-01 09:36:18.367  1254  3750 W GLSUser : 	at m1.nd.onSucceeded(:com.google.android.gms.dynamite_cronetdynamite@254534035@25.45.34 (260400-0):3)
12-01 09:36:18.367  1254  3750 W GLSUser : 	at m1.lw.run(:com.google.android.gms.dynamite_cronetdynamite@254534035@25.45.34 (260400-0):21)
12-01 09:36:18.367  1254  3750 W GLSUser : 	at m1.lq.run(:com.google.android.gms.dynamite_cronetdynamite@254534035@25.45.34 (260400-0):31)
12-01 09:36:18.367  1254  3750 W GLSUser : 	... 6 more
12-01 09:36:18.367  1254  3750 W GLSUser : Caused by: hmfm: Protocol message contained an invalid tag (zero).
12-01 09:36:18.367  1254  3750 W GLSUser : 	at hmci.k(:com.google.android.gms@254534035@25.45.34 (260400-831602148):43)
12-01 09:36:18.367  1254  3750 W GLSUser : 	at hmgk.c(:com.google.android.gms@254534035@25.45.34 (260400-831602148):399)
12-01 09:36:18.367  1254  3750 W GLSUser : 	at hmgk.i(:com.google.android.gms@254534035@25.45.34 (260400-831602148):8)
12-01 09:36:18.367  1254  3750 W GLSUser : 	at hmeq.y(:com.google.android.gms@254534035@25.45.34 (260400-831602148):23)
12-01 09:36:18.367  1254  3750 W GLSUser : 	at hmel.g(:com.google.android.gms@254534035@25.45.34 (260400-831602148):3)
12-01 09:36:18.367  1254  3750 W GLSUser : 	at hmce.e(:com.google.android.gms@254534035@25.45.34 (260400-831602148):1)
12-01 09:36:18.367  1254  3750 W GLSUser : 	at hmce.d(:com.google.android.gms@254534035@25.45.34 (260400-831602148):3)
12-01 09:36:18.367  1254  3750 W GLSUser : 	at hmce.p(:com.google.android.gms@254534035@25.45.34 (260400-831602148):1)
12-01 09:36:18.367  1254  3750 W GLSUser : 	at cpcn.g(:com.google.android.gms@254534035@25.45.34 (260400-831602148):69)
12-01 09:36:18.367  1254  3750 W GLSUser : 	at cpcn.e(:com.google.android.gms@254534035@25.45.34 (260400-831602148):11)
12-01 09:36:18.367  1254  3750 W GLSUser : 	... 11 more
12-01 09:36:18.369  1254  1850 I NetworkScheduler.Stats: (REDACTED) Task %s/%s finished executing. cause:%s result: %s elapsed_millis: %s uptime_millis: %s exec_start_elapsed_seconds: %s
12-01 09:36:21.500   665   703 D OomAdjuster: Not killing cached processes
12-01 09:36:21.692  2780  3836 W Binder  : Caught a RuntimeException from the binder stub implementation.
12-01 09:36:21.692  2780  3836 W Binder  : java.lang.UnsupportedOperationException
12-01 09:36:21.692  2780  3836 W Binder  : 	at bber.b(:com.google.android.gms@254534035@25.45.34 (260400-831602148):3)
12-01 09:36:21.692  2780  3836 W Binder  : 	at bber.dispatchTransaction(:com.google.android.gms@254534035@25.45.34 (260400-831602148):33)
12-01 09:36:21.692  2780  3836 W Binder  : 	at buhs.a(:com.google.android.gms@254534035@25.45.34 (260400-831602148):50)
12-01 09:36:21.692  2780  3836 W Binder  : 	at xuk.onTransact(:com.google.android.gms@254534035@25.45.34 (260400-831602148):23)
12-01 09:36:21.692  2780  3836 W Binder  : 	at android.os.Binder.execTransactInternal(Binder.java:1426)
12-01 09:36:21.692  2780  3836 W Binder  : 	at android.os.Binder.execTransact(Binder.java:1365)
12-01 09:36:23.192   665   759 D ActivityManager: sync unfroze 1350 com.google.android.dialer for 6
12-01 09:36:23.193  1350  1903 D WM-DelayedWorkTracker: Scheduling work 8bc59a47-6540-4a0c-b44f-f675899e3152
12-01 09:36:23.195  1350  1903 D WM-GreedyScheduler: Starting tracking for 8bc59a47-6540-4a0c-b44f-f675899e3152
12-01 09:36:23.195   665   759 W JobServiceContext: Sending onNetworkChanged for a job that isn't started. JobStatus{28a2d9f androidx.work.systemjobscheduler:u0a142/39 @androidx.work.systemjobscheduler@com.google.android.dialer/androidx.work.impl.background.systemjob.SystemJobService u=0 s=10142 TIME=-4s349ms:none NET READY}
12-01 09:36:23.196  1695  1695 I axea    : (REDACTED) Starting %s background task %s.
12-01 09:36:23.197  1350  1371 D WM-ConstraintTracker: fkd: initial state = NetworkState(isConnected=true, isValidated=true, isMetered=false, isNotRoaming=true)
12-01 09:36:23.198  1350  1371 D WM-NetworkStateTracker: Registering network callback
12-01 09:36:23.198   665   686 D ConnectivityService: requestNetwork for uid/pid:10142/1350 activeRequest: null callbackRequest: 156 [NetworkRequest [ REQUEST id=157, [ Capabilities: INTERNET&NOT_RESTRICTED&TRUSTED&NOT_VCN_MANAGED&NOT_BANDWIDTH_CONSTRAINED Uid: 10142 RequestorUid: 10142 RequestorPkg: com.google.android.dialer UnderlyingNetworks: Null] ]] callback flags: 0 order: 2147483647 isUidTracked: false declaredMethods: AVAIL|LOST|NC
12-01 09:36:23.198  1350  1350 D WM-SystemJobService: onStartJob for WorkGenerationalId(workSpecId=8bc59a47-6540-4a0c-b44f-f675899e3152, generation=0)
12-01 09:36:23.200  1350  2484 D WM-NetworkStateTracker: Network capabilities changed: [ Transports: WIFI Capabilities: NOT_METERED&INTERNET&NOT_RESTRICTED&TRUSTED&NOT_VPN&VALIDATED&NOT_ROAMING&FOREGROUND&NOT_CONGESTED&NOT_SUSPENDED&NOT_VCN_MANAGED&NOT_BANDWIDTH_CONSTRAINED LinkUpBandwidth>=12000Kbps LinkDnBandwidth>=30000Kbps TransportInfo: <SSID: <unknown ssid>, BSSID: 02:00:00:00:00:00, MAC: 02:00:00:00:00:00, IP: /10.0.2.16, Security type: 0, Supplicant state: COMPLETED, Wi-Fi standard: legacy, RSSI: -50, Link speed: 2Mbps, Tx Link speed: 2Mbps, Max Supported Tx Link speed: 11Mbps, Rx Link speed: 2Mbps, Max Supported Rx Link speed: 11Mbps, Frequency: 2447MHz, Net ID: -1, Metered hint: false, score: 60, isUsable: true, CarrierMerged: false, SubscriptionId: -1, IsPrimary: -1, Trusted: true, Restricted: false, Ephemeral: false, OEM paid: false, OEM private: false, OSU AP: false, FQDN: <none>, Provider friendly name: <none>, Requesting package name: <none><none>MLO Information: , Is TID-To-Link negotiation supported by the AP: false, AP MLD Address: <none>, AP MLO Link Id: <none>, AP MLO Affiliated links: <none>, Vendor Data: <none>> SignalStrength: -50 UnderlyingNetworks: Null]
12-01 09:36:23.200  1350  1371 D WM-Processor: fgy: processing WorkGenerationalId(workSpecId=8bc59a47-6540-4a0c-b44f-f675899e3152, generation=0)
12-01 09:36:23.202   665   820 D ConnectivityService: NetReassign [157 : null → 101] [c 0] [a 1] [i 2]
12-01 09:36:23.203  1350  1371 D WM-GreedyScheduler: Constraints met: Scheduling work ID WorkGenerationalId(workSpecId=8bc59a47-6540-4a0c-b44f-f675899e3152, generation=0)
12-01 09:36:23.203  1350  1350 D WM-WorkerWrapper: Starting work for com.google.apps.tiktok.contrib.work.TikTokListenableWorker
12-01 09:36:23.203   665   814 D WifiNetworkFactory: got request NetworkRequest [ REQUEST id=157, [ Capabilities: INTERNET&NOT_RESTRICTED&TRUSTED&NOT_VCN_MANAGED&NOT_BANDWIDTH_CONSTRAINED Uid: 10142 RequestorUid: 10142 RequestorPkg: com.google.android.dialer UnderlyingNetworks: Null] ]
12-01 09:36:23.203   665   814 D UntrustedWifiNetworkFactory: got request NetworkRequest [ REQUEST id=157, [ Capabilities: INTERNET&NOT_RESTRICTED&TRUSTED&NOT_VCN_MANAGED&NOT_BANDWIDTH_CONSTRAINED Uid: 10142 RequestorUid: 10142 RequestorPkg: com.google.android.dialer UnderlyingNetworks: Null] ]
12-01 09:36:23.203   665   814 D OemPaidWifiNetworkFactory: got request NetworkRequest [ REQUEST id=157, [ Capabilities: INTERNET&NOT_RESTRICTED&TRUSTED&NOT_VCN_MANAGED&NOT_BANDWIDTH_CONSTRAINED Uid: 10142 RequestorUid: 10142 RequestorPkg: com.google.android.dialer UnderlyingNetworks: Null] ]
12-01 09:36:23.203   665   814 D MultiInternetWifiNetworkFactory: got request NetworkRequest [ REQUEST id=157, [ Capabilities: INTERNET&NOT_RESTRICTED&TRUSTED&NOT_VCN_MANAGED&NOT_BANDWIDTH_CONSTRAINED Uid: 10142 RequestorUid: 10142 RequestorPkg: com.google.android.dialer UnderlyingNetworks: Null] ]
12-01 09:36:23.203  1350  1371 D WM-Processor: Work WorkGenerationalId(workSpecId=8bc59a47-6540-4a0c-b44f-f675899e3152, generation=0) is already enqueued for processing
12-01 09:36:23.203  1695  1695 I axea    : (REDACTED) Starting %s background task %s.
12-01 09:36:23.204  1350  1379 I DialerVvmTaskWorkerDelegate: com.android.dialer.voicemail.service.impl.scheduler.VvmTaskWorker$VvmTaskWorkerDelegate.executeVvmJob:191 Beginning execution of job ID: 2
12-01 09:36:23.205  1350  1379 I DialerSingletonScopedExternalsLogging: com.google.android.dialershared.externals.logging.SingletonScopedExternalsLogging.recordCallMethodInvocation:66 event: VVM_TASK_WORKER_EXECUTE_VVM_JOB, function parameters: [2], return value: <empty> [CONTEXT enable_persistent_logger=true ]
12-01 09:36:23.205  1350  1378 I DialerSingletonScopedExternalsLogging: com.google.android.dialershared.externals.logging.SingletonScopedExternalsLogging.recordCallMethodInvocation:75 event: TIKTOK_WORK_EXECUTION_MONITOR_ON_WORK_STARTED, function parameters: [8bc59a47-6540-4a0c-b44f-f675899e3152,com.android.dialer.voicemail.service.impl.VvmTaskWorker], return value: <empty>
12-01 09:36:23.208  1350  1384 I DialerVvmCarrierIdentifierImpl: com.android.dialer.voicemail.service.impl.carriermapping.VvmCarrierIdentifierImpl.getVvmCarrierNameBlocking:120 Looking up carrier name for phone account handle: 1 [CONTEXT ratelimit_period="1 MINUTES" skipped=81 ]
12-01 09:36:23.209  1350  1378 I DialerRestVoicemailEnabledFn: com.android.dialer.voicemail.service.impl.vvmclients.rest.RestVoicemailEnabledFn.isEnabled:67 device is supported, enabling. [CONTEXT ratelimit_period="1 MINUTES" skipped=533 ]
12-01 09:36:23.209   665  2108 W JobScheduler: Job didn't exist in JobStore: 743732 #u0a149/-49 com.google.android.googlequicksearchbox/com.google.android.apps.gsa.tasks.BackgroundTasksJobService
12-01 09:36:23.219  1350  1378 I DialerVvmExecutorImpl: com.android.dialer.voicemail.service.impl.scheduler.VvmExecutorImpl.execute:229 Beginning VVM action: SYNC with retryCount: 0 for ComponentInfo{com.android.phone/com.android.services.telephony.TelephonyConnectionService}, 1, UserHandle{0} [CONTEXT enable_persistent_logger=true ]
12-01 09:36:23.222  1350  1378 E DialerRestVvmCarrierService: com.android.dialer.voicemail.service.impl.vvmclients.rest.RestVvmCarrierService.getMsisdn:420 Retrieved phone number in an unexpected format: +15551234567 [CONTEXT disable_client_error_logging=true ]
12-01 09:36:23.222  1350  1378 E DialerRestVvmCarrierService: zxo: MEDIUM
12-01 09:36:23.222  1350  1378 E DialerRestVvmCarrierService: 	at a.cN(PG:15)
12-01 09:36:23.222  1350  1378 E DialerRestVvmCarrierService: 	at pxq.apply(PG:489)
12-01 09:36:23.222  1350  1378 E DialerRestVvmCarrierService: 	at zcp.apply(PG:13)
12-01 09:36:23.222  1350  1378 E DialerRestVvmCarrierService: 	at aaka.d(PG:3)
12-01 09:36:23.222  1350  1378 E DialerRestVvmCarrierService: 	at aakb.run(PG:38)
12-01 09:36:23.222  1350  1378 E DialerRestVvmCarrierService: 	at umz.run(PG:7)
12-01 09:36:23.222  1350  1378 E DialerRestVvmCarrierService: 	at aadu.run(PG:44)
12-01 09:36:23.222  1350  1378 E DialerRestVvmCarrierService: 	at tdt.run(PG:78)
12-01 09:36:23.222  1350  1378 E DialerRestVvmCarrierService: 	at cp.run(PG:143)
12-01 09:36:23.222  1350  1378 E DialerRestVvmCarrierService: 	at java.lang.Thread.run(Thread.java:1119)
12-01 09:36:23.222  1350  1378 E DialerRestVvmCarrierService: 	at uoe.run(PG:61)
12-01 09:36:23.224  1350  1379 I DialerAndroidAutoStatusLookupImpl: com.android.dialer.androidautostatuslookup.impl.AndroidAutoStatusLookupImpl.isAndroidAutoConnected:97 Android Auto connected in 0 mode [CONTEXT ratelimit_period="1 MINUTES" skipped=9 ]
12-01 09:36:23.224  1350  1379 I DialerLogcatLoggingBindings: com.android.dialer.logging.logcat.LogcatLoggingBindings.logImpression:54 Impression: ANDROID_API_UNEXPECTED_PHONE_NUMBER_FORMAT
12-01 09:36:23.225  1350  1379 I DialerLogcatLoggingBindings: com.android.dialer.logging.logcat.LogcatLoggingBindings.logImpression:47 Impression: VVM_SYNC_STARTED
12-01 09:36:23.226  1350  1379 I DialerLoggingConsentCheckerImpl: com.google.android.dialershared.logging.consent.impl.LoggingConsentCheckerImpl.getConsent:72 timer stop with success, timer present: false
12-01 09:36:23.226  1254  1254 D BoundBrokerSvc: onUnbind: Intent { act=com.google.android.gms.common.telemetry.service.START dat=chimera-action:/... xflg=0x4 cmp=com.google.android.gms/.chimera.PersistentApiService }
12-01 09:36:23.226  1350  1379 I DialerLoggingConsentCheckerImpl: com.google.android.dialershared.logging.consent.impl.LoggingConsentCheckerImpl.getConsent:72 timer stop with success, timer present: false
12-01 09:36:23.228  1350  1378 I DialerSingletonScopedExternalsLogging: com.google.android.dialershared.externals.logging.SingletonScopedExternalsLogging.recordCallMethodInvocation:75 event: TELEPHONY_BOOTSTRAP_AUTHENTICATION_REQUEST, function parameters: [], return value: Default
12-01 09:36:23.228  1350  1379 W DialerGbaCredentialProvider: com.android.dialer.voicemail.service.impl.vvmclients.rest.GbaCredentialProvider$1.onAuthenticationFailure:93 GBA failed with reason: 1 [CONTEXT disable_client_error_logging=true ]
12-01 09:36:23.229   665  2108 D ActivityManager: sync unfroze 1396 android.process.acore for 7
12-01 09:36:23.231  1350  1378 I DialerVoicemailLogger: com.android.dialer.voicemail.service.impl.logger.VoicemailLogger.commitMetrics:169 VVM failure reason: 0
12-01 09:36:23.231  1350  1378 W DialerVvmExecutorImpl: com.android.dialer.voicemail.service.impl.scheduler.VvmExecutorImpl.executeWorkOnCarrierService:444 Could not complete vvm work with action: SYNC. Error: [GeneralFailureReason: UNSPECIFIED, RestFailureReason: GBA_AUTHENTICATION_FAILURE_FEATURE_NOT_SUPPORTED, OmtpFailureReason: OMTP_UNSPECIFIED] for ComponentInfo{com.android.phone/com.android.services.telephony.TelephonyConnectionService}, 1, UserHandle{0} [CONTEXT disable_client_error_logging=true enable_persistent_logger=true ]
12-01 09:36:23.231  1350  1378 I DialerVvmExecutorImpl: com.android.dialer.voicemail.service.impl.scheduler.VvmExecutorImpl.executeWork:194 VvmResult is: # pug@1db0ddb for ComponentInfo{com.android.phone/com.android.services.telephony.TelephonyConnectionService}, 1, UserHandle{0}
12-01 09:36:23.234  1350  1378 I DialerLoggingConsentCheckerImpl: com.google.android.dialershared.logging.consent.impl.LoggingConsentCheckerImpl.getConsent:72 timer stop with success, timer present: false
12-01 09:36:23.236  1350  1379 I DialerSingletonScopedExternalsLogging: com.google.android.dialershared.externals.logging.SingletonScopedExternalsLogging.recordCallMethodInvocation:75 event: TIKTOK_WORK_EXECUTION_MONITOR_ON_WORK_FINISHED, function parameters: [8bc59a47-6540-4a0c-b44f-f675899e3152,com.android.dialer.voicemail.service.impl.VvmTaskWorker], return value: Retry
12-01 09:36:23.237  1350  1377 I WM-WorkerWrapper: Worker result RETRY for Work [ id=8bc59a47-6540-4a0c-b44f-f675899e3152, tags={ com.google.apps.tiktok.contrib.work.TikTokListenableWorker,1,SYNC,TikTokWorker#com.android.dialer.voicemail.service.impl.VvmTaskWorker } ]
12-01 09:36:23.238  1350  1379 I DialerLoggingConsentCheckerImpl: com.google.android.dialershared.logging.consent.impl.LoggingConsentCheckerImpl.getConsent:72 timer stop with success, timer present: false
12-01 09:36:23.238  1350  1350 D WM-Processor: fgy 8bc59a47-6540-4a0c-b44f-f675899e3152 executed; reschedule = true
12-01 09:36:23.238  1350  1350 D WM-GreedyScheduler: Stopping tracking for WorkGenerationalId(workSpecId=8bc59a47-6540-4a0c-b44f-f675899e3152, generation=0)
12-01 09:36:23.238  1350  1350 D WM-SystemJobService: 8bc59a47-6540-4a0c-b44f-f675899e3152 executed on JobScheduler
12-01 09:36:23.241  1350  1377 D WM-GreedyScheduler: Cancelling work ID 8bc59a47-6540-4a0c-b44f-f675899e3152
12-01 09:36:23.242  1350  1377 D WM-SystemJobScheduler: Scheduling work ID 95a60cf6-7c97-4247-b647-c8cfa98970efJob ID 41
12-01 09:36:23.243  1350  1377 D WM-GreedyScheduler: Ignoring {WorkSpec: 17e40136-d4f7-4523-8d49-fbf9943235c0}. Requires device idle.
12-01 09:36:23.243  1350  1377 D WM-GreedyScheduler: Ignoring {WorkSpec: 5e58b527-aa8c-4bb3-93b2-52149c34b104}. Requires device idle.
12-01 09:36:23.243  1350  1377 D WM-GreedyScheduler: Ignoring {WorkSpec: cfef7b57-019e-4b36-b2c5-66788ca6a044}. Requires device idle.
12-01 09:36:23.243  1350  1377 D WM-GreedyScheduler: Ignoring {WorkSpec: 8f6783a5-90e8-4714-b3cc-729f52a6cd09}. Requires device idle.
12-01 09:36:23.243  1350  1377 D WM-GreedyScheduler: Ignoring {WorkSpec: 5bea6dcc-9867-4c1e-a988-956e4e053e69}. Requires device idle.
12-01 09:36:23.243  1350  1377 D WM-GreedyScheduler: Ignoring {WorkSpec: 9ea92a1a-d6c6-4f14-a597-e3bbd23f9e05}. Requires device idle.
12-01 09:36:23.243  1350  1377 D WM-GreedyScheduler: Ignoring {WorkSpec: 717c8fdc-41a0-4f0d-9285-38fbf89d7e6f}. Requires device idle.
12-01 09:36:23.243  1350  1377 D WM-NetworkStateTracker: Unregistering network callback
12-01 09:36:23.634   665   768 D ActivityManager: freezing 1758 com.android.keychain
12-01 09:36:23.635   665   768 D ActivityManager: freezing 2637 com.android.dynsystem:dynsystem
12-01 09:36:23.635   665   768 D ActivityManager: freezing 2616 com.android.dynsystem
12-01 09:36:23.635   665   768 D ActivityManager: freezing 2214 com.android.localtransport
12-01 09:36:23.833  3847  3847 W screencap: Thread Pool max thread count is 0. Cannot cache binder as linkToDeath cannot be implemented. serviceName: SurfaceFlingerAIDL
12-01 09:36:23.834  3847  3847 W BpBinder: Linking to death on android.gui.ISurfaceComposer but there are no threads (yet?) listening to incoming transactions. See ProcessState::startThreadPool and ProcessState::setThreadPoolMaxThreadCount. Generally you should setup the binder threadpool before other initialization steps.
12-01 09:36:23.834  3847  3847 W ProcessState: Extra binder thread started, but 0 threads requested. Do not use *startThreadPool when zero threads are requested.
12-01 09:36:23.836   497   553 E HwcComposer: getLuts failed Status(-8, EX_SERVICE_SPECIFIC): '8: '
12-01 09:36:23.836   497   553 E HWComposer: getLuts: getLuts failed for display 4619827259835644672: UNSUPPORTED (8)
